../Core/Src/main.c:125:5:main	16	static
../Core/Src/main.c:214:6:SystemClock_Config	88	static
../Core/Src/main.c:260:13:MX_USART2_UART_Init	8	static
../Core/Src/main.c:293:13:MX_GPIO_Init	48	static
../Core/Src/main.c:349:6:HumidityTask	24	static
../Core/Src/main.c:365:6:PressureTask	24	static
../Core/Src/main.c:382:6:ReceiverTask	128	static
../Core/Src/main.c:445:6:LedsController1	16	static
../Core/Src/main.c:458:6:LedsController2	16	static
../Core/Src/main.c:474:6:LedsController3	16	static
../Core/Src/main.c:492:6:LedsController4	16	static
../Core/Src/main.c:512:6:vApplicationIdleHook	4	static
../Core/Src/main.c:519:6:SerialUartSendString	24	static
../Core/Src/main.c:535:6:StartDefaultTask	16	static
../Core/Src/main.c:554:6:HAL_TIM_PeriodElapsedCallback	16	static
../Core/Src/main.c:571:6:Error_Handler	4	static,ignoring_inline_asm
