../Core/Src/main.c:80:5:main	16	static
../Core/Src/main.c:175:6:SystemClock_Config	88	static
../Core/Src/main.c:222:13:MX_USART2_UART_Init	8	static
../Core/Src/main.c:255:13:MX_GPIO_Init	40	static
../Core/Src/main.c:283:1:__io_putchar	16	static
../Core/Src/main.c:290:6:vBlueLedControllerTask	16	static
../Core/Src/main.c:302:6:vRedLedControllerTask	16	static
../Core/Src/main.c:314:6:vGreenLedControllerTask	16	static
../Core/Src/main.c:338:6:HAL_TIM_PeriodElapsedCallback	16	static
../Core/Src/main.c:355:6:Error_Handler	4	static,ignoring_inline_asm
