../Core/Src/main.c:89:5:main	16	static
../Core/Src/main.c:198:6:SystemClock_Config	88	static
../Core/Src/main.c:245:13:MX_USART2_UART_Init	8	static
../Core/Src/main.c:278:13:MX_GPIO_Init	40	static
../Core/Src/main.c:306:1:__io_putchar	16	static
../Core/Src/main.c:313:6:vLedControllerTask	16	static
../Core/Src/main.c:328:6:vBlueLedControllerTask	24	static
../Core/Src/main.c:346:6:vRedLedControllerTask	16	static
../Core/Src/main.c:360:6:vGreenLedControllerTask	16	static
../Core/Src/main.c:394:6:HAL_TIM_PeriodElapsedCallback	16	static
../Core/Src/main.c:411:6:Error_Handler	4	static,ignoring_inline_asm
