../Core/Src/main.c:99:5:main	16	static
../Core/Src/main.c:187:6:SystemClock_Config	88	static
../Core/Src/main.c:233:13:MX_USART2_UART_Init	8	static
../Core/Src/main.c:266:13:MX_GPIO_Init	48	static
../Core/Src/main.c:322:6:SenderTask1	24	static
../Core/Src/main.c:345:6:SenderTask2	24	static
../Core/Src/main.c:365:6:ReceiverTask	128	static
../Core/Src/main.c:399:6:LedsController	16	static
../Core/Src/main.c:428:6:vApplicationIdleHook	4	static
../Core/Src/main.c:435:6:SerialUartSendString	24	static
../Core/Src/main.c:451:6:StartDefaultTask	16	static
../Core/Src/main.c:470:6:HAL_TIM_PeriodElapsedCallback	16	static
../Core/Src/main.c:487:6:Error_Handler	4	static,ignoring_inline_asm
