../Core/Src/main.c:91:5:main	16	static
../Core/Src/main.c:200:6:SystemClock_Config	88	static
../Core/Src/main.c:247:13:MX_USART2_UART_Init	8	static
../Core/Src/main.c:280:13:MX_GPIO_Init	40	static
../Core/Src/main.c:308:1:__io_putchar	16	static
../Core/Src/main.c:315:6:vLedControllerTask	16	static
../Core/Src/main.c:331:6:vBlueLedControllerTask	16	static
../Core/Src/main.c:347:6:vRedLedControllerTask	16	static
../Core/Src/main.c:364:6:vGreenLedControllerTask	16	static
../Core/Src/main.c:380:6:vApplicationIdleHook	8	static
../Core/Src/main.c:407:6:HAL_TIM_PeriodElapsedCallback	16	static
../Core/Src/main.c:424:6:Error_Handler	4	static,ignoring_inline_asm
