../Core/Src/main.c:135:5:main	1
../Core/Src/main.c:225:6:SystemClock_Config	3
../Core/Src/main.c:271:13:MX_USART2_UART_Init	2
../Core/Src/main.c:304:13:MX_GPIO_Init	1
../Core/Src/main.c:370:6:MenuTask	1
../Core/Src/main.c:398:6:HumidityTask	1
../Core/Src/main.c:414:6:PressureTask	1
../Core/Src/main.c:431:6:ReceiverTask	4
../Core/Src/main.c:494:6:LedsController1	1
../Core/Src/main.c:505:6:LedsController2	1
../Core/Src/main.c:518:6:LedsController3	1
../Core/Src/main.c:533:6:LedsController4	1
../Core/Src/main.c:549:6:vApplicationIdleHook	1
../Core/Src/main.c:556:6:SerialUartSendString	1
../Core/Src/main.c:572:6:StartDefaultTask	1
../Core/Src/main.c:591:6:HAL_TIM_PeriodElapsedCallback	2
../Core/Src/main.c:608:6:Error_Handler	1
