../Core/Src/main.c:138:5:main	1
../Core/Src/main.c:231:6:SystemClock_Config	3
../Core/Src/main.c:277:13:MX_USART2_UART_Init	2
../Core/Src/main.c:310:13:MX_GPIO_Init	1
../Core/Src/main.c:376:6:MenuTask	1
../Core/Src/main.c:413:6:HumidityTask	1
../Core/Src/main.c:429:6:PressureTask	1
../Core/Src/main.c:446:6:ReceiverTask	4
../Core/Src/main.c:509:6:LedsController	1
../Core/Src/main.c:536:6:sevenSegmentCounter	3
../Core/Src/main.c:574:6:SevenSegmentDisplay	1
../Core/Src/main.c:620:6:vApplicationIdleHook	1
../Core/Src/main.c:627:6:SerialUartSendString	1
../Core/Src/main.c:643:6:StartDefaultTask	1
../Core/Src/main.c:662:6:HAL_TIM_PeriodElapsedCallback	2
../Core/Src/main.c:679:6:Error_Handler	1
