../Core/Src/main.c:138:5:main	16	static
../Core/Src/main.c:231:6:SystemClock_Config	88	static
../Core/Src/main.c:277:13:MX_USART2_UART_Init	8	static
../Core/Src/main.c:310:13:MX_GPIO_Init	48	static
../Core/Src/main.c:376:6:MenuTask	168	static
../Core/Src/main.c:413:6:HumidityTask	24	static
../Core/Src/main.c:429:6:PressureTask	24	static
../Core/Src/main.c:446:6:ReceiverTask	128	static
../Core/Src/main.c:509:6:LedsController	16	static
../Core/Src/main.c:536:6:sevenSegmentCounter	24	static
../Core/Src/main.c:574:6:SevenSegmentDisplay	192	static
../Core/Src/main.c:620:6:vApplicationIdleHook	4	static
../Core/Src/main.c:627:6:SerialUartSendString	24	static
../Core/Src/main.c:643:6:StartDefaultTask	16	static
../Core/Src/main.c:662:6:HAL_TIM_PeriodElapsedCallback	16	static
../Core/Src/main.c:679:6:Error_Handler	4	static,ignoring_inline_asm
