../Core/Src/main.c:94:5:main	16	static
../Core/Src/main.c:203:6:SystemClock_Config	88	static
../Core/Src/main.c:250:13:MX_USART2_UART_Init	8	static
../Core/Src/main.c:283:13:MX_GPIO_Init	40	static
../Core/Src/main.c:311:1:__io_putchar	16	static
../Core/Src/main.c:318:6:vLedControllerTask	16	static
../Core/Src/main.c:334:6:vBlueLedControllerTask	16	static
../Core/Src/main.c:352:6:vRedLedControllerTask	16	static
../Core/Src/main.c:369:6:vGreenLedControllerTask	24	static
../Core/Src/main.c:431:6:HAL_TIM_PeriodElapsedCallback	16	static
../Core/Src/main.c:448:6:Error_Handler	4	static,ignoring_inline_asm
