../Core/Src/main.c:98:5:main	16	static
../Core/Src/main.c:186:6:SystemClock_Config	88	static
../Core/Src/main.c:232:13:MX_USART2_UART_Init	8	static
../Core/Src/main.c:265:13:MX_GPIO_Init	48	static
../Core/Src/main.c:321:6:SenderTask1	32	static
../Core/Src/main.c:344:6:SenderTask2	32	static
../Core/Src/main.c:364:6:ReceiverTask	128	static
../Core/Src/main.c:398:6:LedsController	16	static
../Core/Src/main.c:424:6:vApplicationIdleHook	4	static
../Core/Src/main.c:431:6:SerialUartSendString	24	static
../Core/Src/main.c:447:6:StartDefaultTask	16	static
../Core/Src/main.c:466:6:HAL_TIM_PeriodElapsedCallback	16	static
../Core/Src/main.c:483:6:Error_Handler	4	static,ignoring_inline_asm
