../Core/Src/main.c:88:5:main	16	static
../Core/Src/main.c:197:6:SystemClock_Config	88	static
../Core/Src/main.c:244:13:MX_USART2_UART_Init	8	static
../Core/Src/main.c:277:13:MX_GPIO_Init	40	static
../Core/Src/main.c:305:1:__io_putchar	16	static
../Core/Src/main.c:312:6:vLedControllerTask	16	static
../Core/Src/main.c:328:6:vBlueLedControllerTask	16	static
../Core/Src/main.c:343:6:vRedLedControllerTask	16	static
../Core/Src/main.c:357:6:vGreenLedControllerTask	16	static
../Core/Src/main.c:390:6:HAL_TIM_PeriodElapsedCallback	16	static
../Core/Src/main.c:407:6:Error_Handler	4	static,ignoring_inline_asm
