../Core/Src/main.c:111:5:main	16	static
../Core/Src/main.c:214:6:SystemClock_Config	88	static
../Core/Src/main.c:260:13:MX_USART2_UART_Init	8	static
../Core/Src/main.c:293:13:MX_GPIO_Init	48	static
../Core/Src/main.c:349:6:vsenderTask1	24	static
../Core/Src/main.c:363:6:vsenderTask2	24	static
../Core/Src/main.c:379:6:vReceiverTask	32	static
../Core/Src/main.c:406:6:LedsController1	16	static
../Core/Src/main.c:419:6:LedsController2	16	static
../Core/Src/main.c:435:6:LedsController3	16	static
../Core/Src/main.c:453:6:LedsController4	16	static
../Core/Src/main.c:473:6:vApplicationIdleHook	4	static
../Core/Src/main.c:480:6:SerialUartSendString	24	static
../Core/Src/main.c:496:6:StartDefaultTask	16	static
../Core/Src/main.c:515:6:HAL_TIM_PeriodElapsedCallback	16	static
../Core/Src/main.c:532:6:Error_Handler	4	static,ignoring_inline_asm
